// Jest Snapshot v1, https://goo.gl/fbAQLP

exports[`Todos Thunk should dispatch correct actions when fetching todos 1`] = `
Array [
  Array [
    [Function],
  ],
  Array [
    Object {
      "todos": Array [
        Object {
          "completed": true,
          "id": 171,
          "title": "fugiat aut voluptatibus corrupti deleniti velit iste odio",
          "userId": 9,
        },
        Object {
          "completed": false,
          "id": 172,
          "title": "et provident amet rerum consectetur et voluptatum",
          "userId": 9,
        },
        Object {
          "completed": false,
          "id": 173,
          "title": "harum ad aperiam quis",
          "userId": 9,
        },
        Object {
          "completed": false,
          "id": 174,
          "title": "similique aut quo",
          "userId": 9,
        },
        Object {
          "completed": true,
          "id": 175,
          "title": "laudantium eius officia perferendis provident perspiciatis asperiores",
          "userId": 9,
        },
        Object {
          "completed": false,
          "id": 176,
          "title": "magni soluta corrupti ut maiores rem quidem",
          "userId": 9,
        },
        Object {
          "completed": false,
          "id": 177,
          "title": "et placeat temporibus voluptas est tempora quos quibusdam",
          "userId": 9,
        },
        Object {
          "completed": true,
          "id": 178,
          "title": "nesciunt itaque commodi tempore",
          "userId": 9,
        },
        Object {
          "completed": true,
          "id": 179,
          "title": "omnis consequuntur cupiditate impedit itaque ipsam quo",
          "userId": 9,
        },
        Object {
          "completed": true,
          "id": 180,
          "title": "debitis nisi et dolorem repellat et",
          "userId": 9,
        },
        Object {
          "completed": false,
          "id": 181,
          "title": "ut cupiditate sequi aliquam fuga maiores",
          "userId": 10,
        },
        Object {
          "completed": true,
          "id": 182,
          "title": "inventore saepe cumque et aut illum enim",
          "userId": 10,
        },
        Object {
          "completed": true,
          "id": 183,
          "title": "omnis nulla eum aliquam distinctio",
          "userId": 10,
        },
        Object {
          "completed": false,
          "id": 184,
          "title": "molestias modi perferendis perspiciatis",
          "userId": 10,
        },
        Object {
          "completed": false,
          "id": 185,
          "title": "voluptates dignissimos sed doloribus animi quaerat aut",
          "userId": 10,
        },
        Object {
          "completed": false,
          "id": 186,
          "title": "explicabo odio est et",
          "userId": 10,
        },
        Object {
          "completed": false,
          "id": 187,
          "title": "consequuntur animi possimus",
          "userId": 10,
        },
        Object {
          "completed": true,
          "id": 188,
          "title": "vel non beatae est",
          "userId": 10,
        },
        Object {
          "completed": true,
          "id": 189,
          "title": "culpa eius et voluptatem et",
          "userId": 10,
        },
        Object {
          "completed": true,
          "id": 190,
          "title": "accusamus sint iusto et voluptatem exercitationem",
          "userId": 10,
        },
        Object {
          "completed": true,
          "id": 191,
          "title": "temporibus atque distinctio omnis eius impedit tempore molestias pariatur",
          "userId": 10,
        },
        Object {
          "completed": false,
          "id": 192,
          "title": "ut quas possimus exercitationem sint voluptates",
          "userId": 10,
        },
        Object {
          "completed": true,
          "id": 193,
          "title": "rerum debitis voluptatem qui eveniet tempora distinctio a",
          "userId": 10,
        },
        Object {
          "completed": false,
          "id": 194,
          "title": "sed ut vero sit molestiae",
          "userId": 10,
        },
        Object {
          "completed": true,
          "id": 195,
          "title": "rerum ex veniam mollitia voluptatibus pariatur",
          "userId": 10,
        },
        Object {
          "completed": true,
          "id": 196,
          "title": "consequuntur aut ut fugit similique",
          "userId": 10,
        },
        Object {
          "completed": true,
          "id": 197,
          "title": "dignissimos quo nobis earum saepe",
          "userId": 10,
        },
        Object {
          "completed": true,
          "id": 198,
          "title": "quis eius est sint explicabo",
          "userId": 10,
        },
        Object {
          "completed": true,
          "id": 199,
          "title": "numquam repellendus a magnam",
          "userId": 10,
        },
        Object {
          "completed": false,
          "id": 200,
          "title": "ipsam aperiam voluptates qui",
          "userId": 10,
        },
      ],
      "type": "src/Todo/FETCH_TODOS_SUCCESS",
    },
  ],
  Array [
    Object {
      "isFetching": false,
      "type": "src/Todo/FETCH_TODOS_REQUEST",
    },
  ],
]
`;
